============================= test session starts =============================
collecting ... collected 0 items

============================= 1 warning in 0.01s ==============================
